[2026-08-12 16:09:33,239] 17 root - INFO - === Training Pipeline Started ===
[2026-08-12 16:09:33,239] 24 root - INFO - Entered the data ingestion component
[2026-08-12 16:09:33,257] 27 root - INFO - Read the dataset as dataframe, shape: (2240, 29)
[2026-08-12 16:09:33,297] 39 root - INFO - Data ingestion completed
[2026-08-12 16:09:33,398] 59 root - INFO - Starting data validation
[2026-08-12 16:09:33,401] 70 root - INFO - Data validation passed
[2026-08-12 16:09:33,417] 99 root - INFO - Read train and test data
[2026-08-12 16:09:33,457] 102 root - INFO - Imputed missing Income values
[2026-08-12 16:09:33,525] 109 root - INFO - Saved reference date for CustomerTenureDays
[2026-08-12 16:09:33,556] 113 root - INFO - Feature engineering completed
[2026-08-12 16:09:33,775] 124 root - INFO - Saved power transformer
[2026-08-12 16:09:33,808] 133 root - INFO - Transformation complete. Train shape: (1792, 24)
[2026-08-12 16:09:33,810] 139 root - INFO - Saved preprocessing object
[2026-08-12 16:09:33,810] 42 root - INFO - Finding optimal number of clusters
[2026-08-12 16:09:43,598] 32 root - INFO - k=2: silhouette=0.2646
[2026-08-12 16:09:43,759] 32 root - INFO - k=3: silhouette=0.2338
[2026-08-12 16:09:43,926] 32 root - INFO - k=4: silhouette=0.1880
[2026-08-12 16:09:44,113] 32 root - INFO - k=5: silhouette=0.1930
[2026-08-12 16:09:44,288] 32 root - INFO - k=6: silhouette=0.1878
[2026-08-12 16:09:44,452] 32 root - INFO - k=7: silhouette=0.1878
[2026-08-12 16:09:44,637] 32 root - INFO - k=8: silhouette=0.1988
[2026-08-12 16:09:44,817] 32 root - INFO - k=9: silhouette=0.1113
[2026-08-12 16:09:45,014] 32 root - INFO - k=10: silhouette=0.2052
[2026-08-12 16:09:45,014] 44 root - INFO - Best k: 2, silhouette: 0.2646
[2026-08-12 16:09:45,045] 54 root - INFO - Saved final KMeans model
[2026-08-12 16:09:45,050] 57 root - INFO - Starting model evaluation
[2026-08-12 16:09:45,061] 60 root - INFO - Evaluation metrics: {'silhouette_score': 0.24256868883760982, 'davies_bouldin_score': 1.769853784951903, 'calinski_harabasz_score': 126.50216041547988, 'n_clusters': 2, 'cluster_sizes': [190, 258]}
[2026-08-12 16:09:45,106] 63 root - INFO - Cluster profile:
              ID  Year_Birth    Income  Kidhome  Teenhome  ...  AcceptedCmp2  Complain  Z_CostContact  Z_Revenue  Response
Cluster                                                    ...                                                            
0        5374.59      1967.4  71521.65     0.09      0.42  ...          0.04       0.0            3.0       11.0      0.22
1        5575.86      1968.8  39760.06     0.62      0.59  ...          0.00       0.0            3.0       11.0      0.10

[2 rows x 26 columns]
[2026-08-12 16:09:45,109] 67 root - INFO - Saved evaluation report to reports\evaluation_report.csv
[2026-08-12 16:09:45,109] 46 root - INFO - ==== Training Pipeline Complete. Silhouette: 0.2646 ===
