[2026-08-12 14:57:46,873] 24 root - INFO - Entered the data ingestion component
[2026-08-12 14:57:46,892] 27 root - INFO - Read the dataset as dataframe, shape: (2240, 29)
[2026-08-12 14:57:46,926] 39 root - INFO - Data ingestion completed
[2026-08-12 14:57:47,029] 96 root - INFO - Read train and test data
[2026-08-12 14:57:47,070] 99 root - INFO - Imputed missing Income values
[2026-08-12 14:57:47,106] 103 root - INFO - Feature engineering completed
[2026-08-12 14:57:47,353] 117 root - INFO - Transformation complete. Train shape: (1792, 24)
[2026-08-12 14:57:47,356] 123 root - INFO - Saved preprocessing object
[2026-08-12 14:57:47,421] 42 root - INFO - Finding optimal number of clusters
[2026-08-12 14:58:01,243] 32 root - INFO - k=2: silhouette=0.2646
[2026-08-12 14:58:01,415] 32 root - INFO - k=3: silhouette=0.2338
[2026-08-12 14:58:01,558] 32 root - INFO - k=4: silhouette=0.1880
[2026-08-12 14:58:01,714] 32 root - INFO - k=5: silhouette=0.1930
[2026-08-12 14:58:01,881] 32 root - INFO - k=6: silhouette=0.1878
[2026-08-12 14:58:02,049] 32 root - INFO - k=7: silhouette=0.1878
[2026-08-12 14:58:02,234] 32 root - INFO - k=8: silhouette=0.1988
[2026-08-12 14:58:02,434] 32 root - INFO - k=9: silhouette=0.1113
[2026-08-12 14:58:02,632] 32 root - INFO - k=10: silhouette=0.2052
[2026-08-12 14:58:02,633] 44 root - INFO - Best k: 2, silhouette: 0.2646
[2026-08-12 14:58:02,667] 54 root - INFO - Saved final KMeans model
